[07-Jun-2026 20:00:00 UTC] PHP Fatal error:  Uncaught ArgumentCountError: floatval() expects exactly 1 argument, 4 given in C:\Users\himan\Local Sites\autogyrus\app\public\wp-includes\class-wp-hook.php:341
Stack trace:
#0 C:\Users\himan\Local Sites\autogyrus\app\public\wp-includes\class-wp-hook.php(341): floatval(21995, 'price', 'post', 'vehicle')
#1 C:\Users\himan\Local Sites\autogyrus\app\public\wp-includes\plugin.php(205): WP_Hook->apply_filters(21995, Array)
#2 C:\Users\himan\Local Sites\autogyrus\app\public\wp-includes\meta.php(1360): apply_filters('sanitize_post_m...', 21995, 'price', 'post', 'vehicle')
#3 C:\Users\himan\Local Sites\autogyrus\app\public\wp-includes\meta.php(223): sanitize_meta('price', 21995, 'post', 'vehicle')
#4 C:\Users\himan\Local Sites\autogyrus\app\public\wp-includes\post.php(2742): update_metadata('post', 13, 'price', 21995, '')
#5 C:\Users\himan\Local Sites\autogyrus\app\public\wp-content\plugins\autogyrus\includes\class-autogyrus-sample-data.php(126): update_post_meta(13, 'price', 21995)
#6 C:\Users\himan\Local Sites\autogyrus\app\public\wp-content\plugins\autogyrus\includes\class-autogyrus-sample-data.php(25): AutoGyrus_Sample_Data::insert_vehicle(Array)
#7 C:\Users\himan\Local Sites\autogyrus\app\public\wp-includes\class-wp-hook.php(341): AutoGyrus_Sample_Data::seed_demo_data('')
#8 C:\Users\himan\Local Sites\autogyrus\app\public\wp-includes\class-wp-hook.php(365): WP_Hook->apply_filters('', Array)
#9 C:\Users\himan\Local Sites\autogyrus\app\public\wp-includes\plugin.php(522): WP_Hook->do_action(Array)
#10 C:\Users\himan\Local Sites\autogyrus\app\public\wp-admin\admin-post.php(82): do_action('admin_post_auto...')
#11 {main}
  thrown in C:\Users\himan\Local Sites\autogyrus\app\public\wp-includes\class-wp-hook.php on line 341
[04-Jul-2026 22:15:48 UTC] PHP Fatal error:  Uncaught Error: Class "AbstractProvider" not found in C:\Users\himan\Local Sites\autogyrus\app\public\wp-content\plugins\autogyrus\includes\class-autogyrus-toyota-provider.php:7
Stack trace:
#0 C:\Users\himan\Local Sites\autogyrus\app\public\wp-content\plugins\autogyrus\includes\class-autogyrus-plugin.php(17): require_once()
#1 C:\Users\himan\Local Sites\autogyrus\app\public\wp-content\plugins\autogyrus\autogyrus.php(18): require_once('C:\\Users\\himan\\...')
#2 C:\Users\himan\Local Sites\autogyrus\app\public\wp-settings.php(589): include_once('C:\\Users\\himan\\...')
#3 C:\Users\himan\Local Sites\autogyrus\app\public\wp-config.php(103): require_once('C:\\Users\\himan\\...')
#4 C:\Users\himan\Local Sites\autogyrus\app\public\wp-load.php(50): require_once('C:\\Users\\himan\\...')
#5 C:\Users\himan\Local Sites\autogyrus\app\public\wp-blog-header.php(13): require_once('C:\\Users\\himan\\...')
#6 C:\Users\himan\Local Sites\autogyrus\app\public\index.php(17): require('C:\\Users\\himan\\...')
#7 {main}
  thrown in C:\Users\himan\Local Sites\autogyrus\app\public\wp-content\plugins\autogyrus\includes\class-autogyrus-toyota-provider.php on line 7
[04-Jul-2026 22:15:50 UTC] PHP Fatal error:  Uncaught Error: Class "AbstractProvider" not found in C:\Users\himan\Local Sites\autogyrus\app\public\wp-content\plugins\autogyrus\includes\class-autogyrus-toyota-provider.php:7
Stack trace:
#0 C:\Users\himan\Local Sites\autogyrus\app\public\wp-content\plugins\autogyrus\includes\class-autogyrus-plugin.php(17): require_once()
#1 C:\Users\himan\Local Sites\autogyrus\app\public\wp-content\plugins\autogyrus\autogyrus.php(18): require_once('C:\\Users\\himan\\...')
#2 C:\Users\himan\Local Sites\autogyrus\app\public\wp-settings.php(589): include_once('C:\\Users\\himan\\...')
#3 C:\Users\himan\Local Sites\autogyrus\app\public\wp-config.php(103): require_once('C:\\Users\\himan\\...')
#4 C:\Users\himan\Local Sites\autogyrus\app\public\wp-load.php(50): require_once('C:\\Users\\himan\\...')
#5 C:\Users\himan\Local Sites\autogyrus\app\public\wp-blog-header.php(13): require_once('C:\\Users\\himan\\...')
#6 C:\Users\himan\Local Sites\autogyrus\app\public\index.php(17): require('C:\\Users\\himan\\...')
#7 {main}
  thrown in C:\Users\himan\Local Sites\autogyrus\app\public\wp-content\plugins\autogyrus\includes\class-autogyrus-toyota-provider.php on line 7
[04-Jul-2026 22:16:00 UTC] PHP Fatal error:  Uncaught Error: Class "AbstractProvider" not found in C:\Users\himan\Local Sites\autogyrus\app\public\wp-content\plugins\autogyrus\includes\class-autogyrus-toyota-provider.php:7
Stack trace:
#0 C:\Users\himan\Local Sites\autogyrus\app\public\wp-content\plugins\autogyrus\includes\class-autogyrus-plugin.php(17): require_once()
#1 C:\Users\himan\Local Sites\autogyrus\app\public\wp-content\plugins\autogyrus\autogyrus.php(18): require_once('C:\\Users\\himan\\...')
#2 C:\Users\himan\Local Sites\autogyrus\app\public\wp-settings.php(589): include_once('C:\\Users\\himan\\...')
#3 C:\Users\himan\Local Sites\autogyrus\app\public\wp-config.php(103): require_once('C:\\Users\\himan\\...')
#4 C:\Users\himan\Local Sites\autogyrus\app\public\wp-load.php(50): require_once('C:\\Users\\himan\\...')
#5 C:\Users\himan\Local Sites\autogyrus\app\public\wp-blog-header.php(13): require_once('C:\\Users\\himan\\...')
#6 C:\Users\himan\Local Sites\autogyrus\app\public\index.php(17): require('C:\\Users\\himan\\...')
#7 {main}
  thrown in C:\Users\himan\Local Sites\autogyrus\app\public\wp-content\plugins\autogyrus\includes\class-autogyrus-toyota-provider.php on line 7
[04-Jul-2026 22:16:22 UTC] PHP Fatal error:  Uncaught Error: Class "AbstractProvider" not found in C:\Users\himan\Local Sites\autogyrus\app\public\wp-content\plugins\autogyrus\includes\class-autogyrus-toyota-provider.php:7
Stack trace:
#0 C:\Users\himan\Local Sites\autogyrus\app\public\wp-content\plugins\autogyrus\includes\class-autogyrus-plugin.php(17): require_once()
#1 C:\Users\himan\Local Sites\autogyrus\app\public\wp-content\plugins\autogyrus\autogyrus.php(18): require_once('C:\\Users\\himan\\...')
#2 C:\Users\himan\Local Sites\autogyrus\app\public\wp-settings.php(589): include_once('C:\\Users\\himan\\...')
#3 C:\Users\himan\Local Sites\autogyrus\app\public\wp-config.php(103): require_once('C:\\Users\\himan\\...')
#4 C:\Users\himan\Local Sites\autogyrus\app\public\wp-load.php(50): require_once('C:\\Users\\himan\\...')
#5 C:\Users\himan\Local Sites\autogyrus\app\public\wp-blog-header.php(13): require_once('C:\\Users\\himan\\...')
#6 C:\Users\himan\Local Sites\autogyrus\app\public\index.php(17): require('C:\\Users\\himan\\...')
#7 {main}
  thrown in C:\Users\himan\Local Sites\autogyrus\app\public\wp-content\plugins\autogyrus\includes\class-autogyrus-toyota-provider.php on line 7
[04-Jul-2026 22:17:09 UTC] PHP Fatal error:  Uncaught Error: Class "AbstractProvider" not found in C:\Users\himan\Local Sites\autogyrus\app\public\wp-content\plugins\autogyrus\includes\class-autogyrus-toyota-provider.php:7
Stack trace:
#0 C:\Users\himan\Local Sites\autogyrus\app\public\wp-content\plugins\autogyrus\includes\class-autogyrus-plugin.php(17): require_once()
#1 C:\Users\himan\Local Sites\autogyrus\app\public\wp-content\plugins\autogyrus\autogyrus.php(18): require_once('C:\\Users\\himan\\...')
#2 C:\Users\himan\Local Sites\autogyrus\app\public\wp-settings.php(589): include_once('C:\\Users\\himan\\...')
#3 C:\Users\himan\Local Sites\autogyrus\app\public\wp-config.php(103): require_once('C:\\Users\\himan\\...')
#4 C:\Users\himan\Local Sites\autogyrus\app\public\wp-load.php(50): require_once('C:\\Users\\himan\\...')
#5 C:\Users\himan\Local Sites\autogyrus\app\public\wp-blog-header.php(13): require_once('C:\\Users\\himan\\...')
#6 C:\Users\himan\Local Sites\autogyrus\app\public\index.php(17): require('C:\\Users\\himan\\...')
#7 {main}
  thrown in C:\Users\himan\Local Sites\autogyrus\app\public\wp-content\plugins\autogyrus\includes\class-autogyrus-toyota-provider.php on line 7
[04-Jul-2026 22:17:11 UTC] PHP Fatal error:  Uncaught Error: Class "AbstractProvider" not found in C:\Users\himan\Local Sites\autogyrus\app\public\wp-content\plugins\autogyrus\includes\class-autogyrus-toyota-provider.php:7
Stack trace:
#0 C:\Users\himan\Local Sites\autogyrus\app\public\wp-content\plugins\autogyrus\includes\class-autogyrus-plugin.php(17): require_once()
#1 C:\Users\himan\Local Sites\autogyrus\app\public\wp-content\plugins\autogyrus\autogyrus.php(18): require_once('C:\\Users\\himan\\...')
#2 C:\Users\himan\Local Sites\autogyrus\app\public\wp-settings.php(589): include_once('C:\\Users\\himan\\...')
#3 C:\Users\himan\Local Sites\autogyrus\app\public\wp-config.php(103): require_once('C:\\Users\\himan\\...')
#4 C:\Users\himan\Local Sites\autogyrus\app\public\wp-load.php(50): require_once('C:\\Users\\himan\\...')
#5 C:\Users\himan\Local Sites\autogyrus\app\public\wp-blog-header.php(13): require_once('C:\\Users\\himan\\...')
#6 C:\Users\himan\Local Sites\autogyrus\app\public\index.php(17): require('C:\\Users\\himan\\...')
#7 {main}
  thrown in C:\Users\himan\Local Sites\autogyrus\app\public\wp-content\plugins\autogyrus\includes\class-autogyrus-toyota-provider.php on line 7
[04-Jul-2026 22:17:41 UTC] PHP Fatal error:  Uncaught Error: Class "AbstractProvider" not found in C:\Users\himan\Local Sites\autogyrus\app\public\wp-content\plugins\autogyrus\includes\class-autogyrus-toyota-provider.php:7
Stack trace:
#0 C:\Users\himan\Local Sites\autogyrus\app\public\wp-content\plugins\autogyrus\includes\class-autogyrus-plugin.php(17): require_once()
#1 C:\Users\himan\Local Sites\autogyrus\app\public\wp-content\plugins\autogyrus\autogyrus.php(18): require_once('C:\\Users\\himan\\...')
#2 C:\Users\himan\Local Sites\autogyrus\app\public\wp-settings.php(589): include_once('C:\\Users\\himan\\...')
#3 C:\Users\himan\Local Sites\autogyrus\app\public\wp-config.php(103): require_once('C:\\Users\\himan\\...')
#4 C:\Users\himan\Local Sites\autogyrus\app\public\wp-load.php(50): require_once('C:\\Users\\himan\\...')
#5 C:\Users\himan\Local Sites\autogyrus\app\public\wp-blog-header.php(13): require_once('C:\\Users\\himan\\...')
#6 C:\Users\himan\Local Sites\autogyrus\app\public\index.php(17): require('C:\\Users\\himan\\...')
#7 {main}
  thrown in C:\Users\himan\Local Sites\autogyrus\app\public\wp-content\plugins\autogyrus\includes\class-autogyrus-toyota-provider.php on line 7
[04-Jul-2026 22:17:44 UTC] PHP Fatal error:  Uncaught Error: Class "AbstractProvider" not found in C:\Users\himan\Local Sites\autogyrus\app\public\wp-content\plugins\autogyrus\includes\class-autogyrus-toyota-provider.php:7
Stack trace:
#0 C:\Users\himan\Local Sites\autogyrus\app\public\wp-content\plugins\autogyrus\includes\class-autogyrus-plugin.php(17): require_once()
#1 C:\Users\himan\Local Sites\autogyrus\app\public\wp-content\plugins\autogyrus\autogyrus.php(18): require_once('C:\\Users\\himan\\...')
#2 C:\Users\himan\Local Sites\autogyrus\app\public\wp-settings.php(589): include_once('C:\\Users\\himan\\...')
#3 C:\Users\himan\Local Sites\autogyrus\app\public\wp-config.php(103): require_once('C:\\Users\\himan\\...')
#4 C:\Users\himan\Local Sites\autogyrus\app\public\wp-load.php(50): require_once('C:\\Users\\himan\\...')
#5 C:\Users\himan\Local Sites\autogyrus\app\public\wp-blog-header.php(13): require_once('C:\\Users\\himan\\...')
#6 C:\Users\himan\Local Sites\autogyrus\app\public\index.php(17): require('C:\\Users\\himan\\...')
#7 {main}
  thrown in C:\Users\himan\Local Sites\autogyrus\app\public\wp-content\plugins\autogyrus\includes\class-autogyrus-toyota-provider.php on line 7
[04-Jul-2026 22:18:20 UTC] PHP Fatal error:  Uncaught Error: Class "AbstractProvider" not found in C:\Users\himan\Local Sites\autogyrus\app\public\wp-content\plugins\autogyrus\includes\class-autogyrus-toyota-provider.php:7
Stack trace:
#0 C:\Users\himan\Local Sites\autogyrus\app\public\wp-content\plugins\autogyrus\includes\class-autogyrus-plugin.php(17): require_once()
#1 C:\Users\himan\Local Sites\autogyrus\app\public\wp-content\plugins\autogyrus\autogyrus.php(18): require_once('C:\\Users\\himan\\...')
#2 C:\Users\himan\Local Sites\autogyrus\app\public\wp-settings.php(589): include_once('C:\\Users\\himan\\...')
#3 C:\Users\himan\Local Sites\autogyrus\app\public\wp-config.php(103): require_once('C:\\Users\\himan\\...')
#4 C:\Users\himan\Local Sites\autogyrus\app\public\wp-load.php(50): require_once('C:\\Users\\himan\\...')
#5 C:\Users\himan\Local Sites\autogyrus\app\public\wp-admin\admin-ajax.php(22): require_once('C:\\Users\\himan\\...')
#6 {main}
  thrown in C:\Users\himan\Local Sites\autogyrus\app\public\wp-content\plugins\autogyrus\includes\class-autogyrus-toyota-provider.php on line 7
[04-Jul-2026 22:18:23 UTC] PHP Fatal error:  Uncaught Error: Class "AbstractProvider" not found in C:\Users\himan\Local Sites\autogyrus\app\public\wp-content\plugins\autogyrus\includes\class-autogyrus-toyota-provider.php:7
Stack trace:
#0 C:\Users\himan\Local Sites\autogyrus\app\public\wp-content\plugins\autogyrus\includes\class-autogyrus-plugin.php(17): require_once()
#1 C:\Users\himan\Local Sites\autogyrus\app\public\wp-content\plugins\autogyrus\autogyrus.php(18): require_once('C:\\Users\\himan\\...')
#2 C:\Users\himan\Local Sites\autogyrus\app\public\wp-settings.php(589): include_once('C:\\Users\\himan\\...')
#3 C:\Users\himan\Local Sites\autogyrus\app\public\wp-config.php(103): require_once('C:\\Users\\himan\\...')
#4 C:\Users\himan\Local Sites\autogyrus\app\public\wp-load.php(50): require_once('C:\\Users\\himan\\...')
#5 C:\Users\himan\Local Sites\autogyrus\app\public\wp-admin\admin.php(35): require_once('C:\\Users\\himan\\...')
#6 C:\Users\himan\Local Sites\autogyrus\app\public\wp-admin\index.php(10): require_once('C:\\Users\\himan\\...')
#7 {main}
  thrown in C:\Users\himan\Local Sites\autogyrus\app\public\wp-content\plugins\autogyrus\includes\class-autogyrus-toyota-provider.php on line 7
[04-Jul-2026 22:18:27 UTC] PHP Fatal error:  Uncaught Error: Class "AbstractProvider" not found in C:\Users\himan\Local Sites\autogyrus\app\public\wp-content\plugins\autogyrus\includes\class-autogyrus-toyota-provider.php:7
Stack trace:
#0 C:\Users\himan\Local Sites\autogyrus\app\public\wp-content\plugins\autogyrus\includes\class-autogyrus-plugin.php(17): require_once()
#1 C:\Users\himan\Local Sites\autogyrus\app\public\wp-content\plugins\autogyrus\autogyrus.php(18): require_once('C:\\Users\\himan\\...')
#2 C:\Users\himan\Local Sites\autogyrus\app\public\wp-settings.php(589): include_once('C:\\Users\\himan\\...')
#3 C:\Users\himan\Local Sites\autogyrus\app\public\wp-config.php(103): require_once('C:\\Users\\himan\\...')
#4 C:\Users\himan\Local Sites\autogyrus\app\public\wp-load.php(50): require_once('C:\\Users\\himan\\...')
#5 C:\Users\himan\Local Sites\autogyrus\app\public\wp-admin\admin.php(35): require_once('C:\\Users\\himan\\...')
#6 C:\Users\himan\Local Sites\autogyrus\app\public\wp-admin\index.php(10): require_once('C:\\Users\\himan\\...')
#7 {main}
  thrown in C:\Users\himan\Local Sites\autogyrus\app\public\wp-content\plugins\autogyrus\includes\class-autogyrus-toyota-provider.php on line 7
[04-Jul-2026 22:18:58 UTC] PHP Fatal error:  Uncaught Error: Class "AbstractProvider" not found in C:\Users\himan\Local Sites\autogyrus\app\public\wp-content\plugins\autogyrus\includes\class-autogyrus-toyota-provider.php:7
Stack trace:
#0 C:\Users\himan\Local Sites\autogyrus\app\public\wp-content\plugins\autogyrus\includes\class-autogyrus-plugin.php(17): require_once()
#1 C:\Users\himan\Local Sites\autogyrus\app\public\wp-content\plugins\autogyrus\autogyrus.php(18): require_once('C:\\Users\\himan\\...')
#2 C:\Users\himan\Local Sites\autogyrus\app\public\wp-settings.php(589): include_once('C:\\Users\\himan\\...')
#3 C:\Users\himan\Local Sites\autogyrus\app\public\wp-config.php(103): require_once('C:\\Users\\himan\\...')
#4 C:\Users\himan\Local Sites\autogyrus\app\public\wp-load.php(50): require_once('C:\\Users\\himan\\...')
#5 C:\Users\himan\Local Sites\autogyrus\app\public\wp-admin\admin.php(35): require_once('C:\\Users\\himan\\...')
#6 C:\Users\himan\Local Sites\autogyrus\app\public\wp-admin\index.php(10): require_once('C:\\Users\\himan\\...')
#7 {main}
  thrown in C:\Users\himan\Local Sites\autogyrus\app\public\wp-content\plugins\autogyrus\includes\class-autogyrus-toyota-provider.php on line 7
[04-Jul-2026 22:19:00 UTC] PHP Fatal error:  Uncaught Error: Class "AbstractProvider" not found in C:\Users\himan\Local Sites\autogyrus\app\public\wp-content\plugins\autogyrus\includes\class-autogyrus-toyota-provider.php:7
Stack trace:
#0 C:\Users\himan\Local Sites\autogyrus\app\public\wp-content\plugins\autogyrus\includes\class-autogyrus-plugin.php(17): require_once()
#1 C:\Users\himan\Local Sites\autogyrus\app\public\wp-content\plugins\autogyrus\autogyrus.php(18): require_once('C:\\Users\\himan\\...')
#2 C:\Users\himan\Local Sites\autogyrus\app\public\wp-settings.php(589): include_once('C:\\Users\\himan\\...')
#3 C:\Users\himan\Local Sites\autogyrus\app\public\wp-config.php(103): require_once('C:\\Users\\himan\\...')
#4 C:\Users\himan\Local Sites\autogyrus\app\public\wp-load.php(50): require_once('C:\\Users\\himan\\...')
#5 C:\Users\himan\Local Sites\autogyrus\app\public\wp-blog-header.php(13): require_once('C:\\Users\\himan\\...')
#6 C:\Users\himan\Local Sites\autogyrus\app\public\index.php(17): require('C:\\Users\\himan\\...')
#7 {main}
  thrown in C:\Users\himan\Local Sites\autogyrus\app\public\wp-content\plugins\autogyrus\includes\class-autogyrus-toyota-provider.php on line 7
[04-Jul-2026 22:19:01 UTC] PHP Fatal error:  Uncaught Error: Class "AbstractProvider" not found in C:\Users\himan\Local Sites\autogyrus\app\public\wp-content\plugins\autogyrus\includes\class-autogyrus-toyota-provider.php:7
Stack trace:
#0 C:\Users\himan\Local Sites\autogyrus\app\public\wp-content\plugins\autogyrus\includes\class-autogyrus-plugin.php(17): require_once()
#1 C:\Users\himan\Local Sites\autogyrus\app\public\wp-content\plugins\autogyrus\autogyrus.php(18): require_once('C:\\Users\\himan\\...')
#2 C:\Users\himan\Local Sites\autogyrus\app\public\wp-settings.php(589): include_once('C:\\Users\\himan\\...')
#3 C:\Users\himan\Local Sites\autogyrus\app\public\wp-config.php(103): require_once('C:\\Users\\himan\\...')
#4 C:\Users\himan\Local Sites\autogyrus\app\public\wp-load.php(50): require_once('C:\\Users\\himan\\...')
#5 C:\Users\himan\Local Sites\autogyrus\app\public\wp-blog-header.php(13): require_once('C:\\Users\\himan\\...')
#6 C:\Users\himan\Local Sites\autogyrus\app\public\index.php(17): require('C:\\Users\\himan\\...')
#7 {main}
  thrown in C:\Users\himan\Local Sites\autogyrus\app\public\wp-content\plugins\autogyrus\includes\class-autogyrus-toyota-provider.php on line 7
[04-Jul-2026 22:19:01 UTC] PHP Fatal error:  Uncaught Error: Class "AbstractProvider" not found in C:\Users\himan\Local Sites\autogyrus\app\public\wp-content\plugins\autogyrus\includes\class-autogyrus-toyota-provider.php:7
Stack trace:
#0 C:\Users\himan\Local Sites\autogyrus\app\public\wp-content\plugins\autogyrus\includes\class-autogyrus-plugin.php(17): require_once()
#1 C:\Users\himan\Local Sites\autogyrus\app\public\wp-content\plugins\autogyrus\autogyrus.php(18): require_once('C:\\Users\\himan\\...')
#2 C:\Users\himan\Local Sites\autogyrus\app\public\wp-settings.php(589): include_once('C:\\Users\\himan\\...')
#3 C:\Users\himan\Local Sites\autogyrus\app\public\wp-config.php(103): require_once('C:\\Users\\himan\\...')
#4 C:\Users\himan\Local Sites\autogyrus\app\public\wp-load.php(50): require_once('C:\\Users\\himan\\...')
#5 C:\Users\himan\Local Sites\autogyrus\app\public\wp-blog-header.php(13): require_once('C:\\Users\\himan\\...')
#6 C:\Users\himan\Local Sites\autogyrus\app\public\index.php(17): require('C:\\Users\\himan\\...')
#7 {main}
  thrown in C:\Users\himan\Local Sites\autogyrus\app\public\wp-content\plugins\autogyrus\includes\class-autogyrus-toyota-provider.php on line 7
[04-Jul-2026 22:19:20 UTC] PHP Fatal error:  Uncaught Error: Class "AbstractProvider" not found in C:\Users\himan\Local Sites\autogyrus\app\public\wp-content\plugins\autogyrus\includes\class-autogyrus-toyota-provider.php:7
Stack trace:
#0 C:\Users\himan\Local Sites\autogyrus\app\public\wp-content\plugins\autogyrus\includes\class-autogyrus-plugin.php(17): require_once()
#1 C:\Users\himan\Local Sites\autogyrus\app\public\wp-content\plugins\autogyrus\autogyrus.php(18): require_once('C:\\Users\\himan\\...')
#2 C:\Users\himan\Local Sites\autogyrus\app\public\wp-settings.php(589): include_once('C:\\Users\\himan\\...')
#3 C:\Users\himan\Local Sites\autogyrus\app\public\wp-config.php(103): require_once('C:\\Users\\himan\\...')
#4 C:\Users\himan\Local Sites\autogyrus\app\public\wp-load.php(50): require_once('C:\\Users\\himan\\...')
#5 C:\Users\himan\Local Sites\autogyrus\app\public\wp-admin\admin-ajax.php(22): require_once('C:\\Users\\himan\\...')
#6 {main}
  thrown in C:\Users\himan\Local Sites\autogyrus\app\public\wp-content\plugins\autogyrus\includes\class-autogyrus-toyota-provider.php on line 7
[04-Jul-2026 22:19:52 UTC] PHP Fatal error:  Uncaught Error: Class "AbstractProvider" not found in C:\Users\himan\Local Sites\autogyrus\app\public\wp-content\plugins\autogyrus\includes\class-autogyrus-toyota-provider.php:7
Stack trace:
#0 C:\Users\himan\Local Sites\autogyrus\app\public\wp-content\plugins\autogyrus\includes\class-autogyrus-plugin.php(17): require_once()
#1 C:\Users\himan\Local Sites\autogyrus\app\public\wp-content\plugins\autogyrus\autogyrus.php(18): require_once('C:\\Users\\himan\\...')
#2 C:\Users\himan\Local Sites\autogyrus\app\public\wp-settings.php(589): include_once('C:\\Users\\himan\\...')
#3 C:\Users\himan\Local Sites\autogyrus\app\public\wp-config.php(103): require_once('C:\\Users\\himan\\...')
#4 C:\Users\himan\Local Sites\autogyrus\app\public\wp-load.php(50): require_once('C:\\Users\\himan\\...')
#5 C:\Users\himan\Local Sites\autogyrus\app\public\wp-blog-header.php(13): require_once('C:\\Users\\himan\\...')
#6 C:\Users\himan\Local Sites\autogyrus\app\public\index.php(17): require('C:\\Users\\himan\\...')
#7 {main}
  thrown in C:\Users\himan\Local Sites\autogyrus\app\public\wp-content\plugins\autogyrus\includes\class-autogyrus-toyota-provider.php on line 7
[04-Jul-2026 22:19:52 UTC] PHP Fatal error:  Uncaught Error: Class "AbstractProvider" not found in C:\Users\himan\Local Sites\autogyrus\app\public\wp-content\plugins\autogyrus\includes\class-autogyrus-toyota-provider.php:7
Stack trace:
#0 C:\Users\himan\Local Sites\autogyrus\app\public\wp-content\plugins\autogyrus\includes\class-autogyrus-plugin.php(17): require_once()
#1 C:\Users\himan\Local Sites\autogyrus\app\public\wp-content\plugins\autogyrus\autogyrus.php(18): require_once('C:\\Users\\himan\\...')
#2 C:\Users\himan\Local Sites\autogyrus\app\public\wp-settings.php(589): include_once('C:\\Users\\himan\\...')
#3 C:\Users\himan\Local Sites\autogyrus\app\public\wp-config.php(103): require_once('C:\\Users\\himan\\...')
#4 C:\Users\himan\Local Sites\autogyrus\app\public\wp-load.php(50): require_once('C:\\Users\\himan\\...')
#5 C:\Users\himan\Local Sites\autogyrus\app\public\wp-blog-header.php(13): require_once('C:\\Users\\himan\\...')
#6 C:\Users\himan\Local Sites\autogyrus\app\public\index.php(17): require('C:\\Users\\himan\\...')
#7 {main}
  thrown in C:\Users\himan\Local Sites\autogyrus\app\public\wp-content\plugins\autogyrus\includes\class-autogyrus-toyota-provider.php on line 7
[04-Jul-2026 22:19:54 UTC] PHP Fatal error:  Uncaught Error: Class "AbstractProvider" not found in C:\Users\himan\Local Sites\autogyrus\app\public\wp-content\plugins\autogyrus\includes\class-autogyrus-toyota-provider.php:7
Stack trace:
#0 C:\Users\himan\Local Sites\autogyrus\app\public\wp-content\plugins\autogyrus\includes\class-autogyrus-plugin.php(17): require_once()
#1 C:\Users\himan\Local Sites\autogyrus\app\public\wp-content\plugins\autogyrus\autogyrus.php(18): require_once('C:\\Users\\himan\\...')
#2 C:\Users\himan\Local Sites\autogyrus\app\public\wp-settings.php(589): include_once('C:\\Users\\himan\\...')
#3 C:\Users\himan\Local Sites\autogyrus\app\public\wp-config.php(103): require_once('C:\\Users\\himan\\...')
#4 C:\Users\himan\Local Sites\autogyrus\app\public\wp-load.php(50): require_once('C:\\Users\\himan\\...')
#5 C:\Users\himan\Local Sites\autogyrus\app\public\wp-blog-header.php(13): require_once('C:\\Users\\himan\\...')
#6 C:\Users\himan\Local Sites\autogyrus\app\public\index.php(17): require('C:\\Users\\himan\\...')
#7 {main}
  thrown in C:\Users\himan\Local Sites\autogyrus\app\public\wp-content\plugins\autogyrus\includes\class-autogyrus-toyota-provider.php on line 7
[04-Jul-2026 22:19:54 UTC] PHP Fatal error:  Uncaught Error: Class "AbstractProvider" not found in C:\Users\himan\Local Sites\autogyrus\app\public\wp-content\plugins\autogyrus\includes\class-autogyrus-toyota-provider.php:7
Stack trace:
#0 C:\Users\himan\Local Sites\autogyrus\app\public\wp-content\plugins\autogyrus\includes\class-autogyrus-plugin.php(17): require_once()
#1 C:\Users\himan\Local Sites\autogyrus\app\public\wp-content\plugins\autogyrus\autogyrus.php(18): require_once('C:\\Users\\himan\\...')
#2 C:\Users\himan\Local Sites\autogyrus\app\public\wp-settings.php(589): include_once('C:\\Users\\himan\\...')
#3 C:\Users\himan\Local Sites\autogyrus\app\public\wp-config.php(103): require_once('C:\\Users\\himan\\...')
#4 C:\Users\himan\Local Sites\autogyrus\app\public\wp-load.php(50): require_once('C:\\Users\\himan\\...')
#5 C:\Users\himan\Local Sites\autogyrus\app\public\wp-blog-header.php(13): require_once('C:\\Users\\himan\\...')
#6 C:\Users\himan\Local Sites\autogyrus\app\public\index.php(17): require('C:\\Users\\himan\\...')
#7 {main}
  thrown in C:\Users\himan\Local Sites\autogyrus\app\public\wp-content\plugins\autogyrus\includes\class-autogyrus-toyota-provider.php on line 7
[04-Jul-2026 22:20:24 UTC] PHP Fatal error:  Uncaught Error: Class "AbstractProvider" not found in C:\Users\himan\Local Sites\autogyrus\app\public\wp-content\plugins\autogyrus\includes\class-autogyrus-toyota-provider.php:7
Stack trace:
#0 C:\Users\himan\Local Sites\autogyrus\app\public\wp-content\plugins\autogyrus\includes\class-autogyrus-plugin.php(17): require_once()
#1 C:\Users\himan\Local Sites\autogyrus\app\public\wp-content\plugins\autogyrus\autogyrus.php(18): require_once('C:\\Users\\himan\\...')
#2 C:\Users\himan\Local Sites\autogyrus\app\public\wp-settings.php(589): include_once('C:\\Users\\himan\\...')
#3 C:\Users\himan\Local Sites\autogyrus\app\public\wp-config.php(103): require_once('C:\\Users\\himan\\...')
#4 C:\Users\himan\Local Sites\autogyrus\app\public\wp-load.php(50): require_once('C:\\Users\\himan\\...')
#5 C:\Users\himan\Local Sites\autogyrus\app\public\wp-blog-header.php(13): require_once('C:\\Users\\himan\\...')
#6 C:\Users\himan\Local Sites\autogyrus\app\public\index.php(17): require('C:\\Users\\himan\\...')
#7 {main}
  thrown in C:\Users\himan\Local Sites\autogyrus\app\public\wp-content\plugins\autogyrus\includes\class-autogyrus-toyota-provider.php on line 7
[04-Jul-2026 22:20:24 UTC] PHP Fatal error:  Uncaught Error: Class "AbstractProvider" not found in C:\Users\himan\Local Sites\autogyrus\app\public\wp-content\plugins\autogyrus\includes\class-autogyrus-toyota-provider.php:7
Stack trace:
#0 C:\Users\himan\Local Sites\autogyrus\app\public\wp-content\plugins\autogyrus\includes\class-autogyrus-plugin.php(17): require_once()
#1 C:\Users\himan\Local Sites\autogyrus\app\public\wp-content\plugins\autogyrus\autogyrus.php(18): require_once('C:\\Users\\himan\\...')
#2 C:\Users\himan\Local Sites\autogyrus\app\public\wp-settings.php(589): include_once('C:\\Users\\himan\\...')
#3 C:\Users\himan\Local Sites\autogyrus\app\public\wp-config.php(103): require_once('C:\\Users\\himan\\...')
#4 C:\Users\himan\Local Sites\autogyrus\app\public\wp-load.php(50): require_once('C:\\Users\\himan\\...')
#5 C:\Users\himan\Local Sites\autogyrus\app\public\wp-blog-header.php(13): require_once('C:\\Users\\himan\\...')
#6 C:\Users\himan\Local Sites\autogyrus\app\public\index.php(17): require('C:\\Users\\himan\\...')
#7 {main}
  thrown in C:\Users\himan\Local Sites\autogyrus\app\public\wp-content\plugins\autogyrus\includes\class-autogyrus-toyota-provider.php on line 7
[04-Jul-2026 22:20:40 UTC] PHP Fatal error:  Uncaught Error: Class "AbstractProvider" not found in C:\Users\himan\Local Sites\autogyrus\app\public\wp-content\plugins\autogyrus\includes\class-autogyrus-toyota-provider.php:7
Stack trace:
#0 C:\Users\himan\Local Sites\autogyrus\app\public\wp-content\plugins\autogyrus\includes\class-autogyrus-plugin.php(17): require_once()
#1 C:\Users\himan\Local Sites\autogyrus\app\public\wp-content\plugins\autogyrus\autogyrus.php(18): require_once('C:\\Users\\himan\\...')
#2 C:\Users\himan\Local Sites\autogyrus\app\public\wp-settings.php(589): include_once('C:\\Users\\himan\\...')
#3 C:\Users\himan\Local Sites\autogyrus\app\public\wp-config.php(103): require_once('C:\\Users\\himan\\...')
#4 C:\Users\himan\Local Sites\autogyrus\app\public\wp-load.php(50): require_once('C:\\Users\\himan\\...')
#5 C:\Users\himan\Local Sites\autogyrus\app\public\wp-admin\admin.php(35): require_once('C:\\Users\\himan\\...')
#6 C:\Users\himan\Local Sites\autogyrus\app\public\wp-admin\index.php(10): require_once('C:\\Users\\himan\\...')
#7 {main}
  thrown in C:\Users\himan\Local Sites\autogyrus\app\public\wp-content\plugins\autogyrus\includes\class-autogyrus-toyota-provider.php on line 7
[04-Jul-2026 22:20:40 UTC] PHP Fatal error:  Uncaught Error: Class "AbstractProvider" not found in C:\Users\himan\Local Sites\autogyrus\app\public\wp-content\plugins\autogyrus\includes\class-autogyrus-toyota-provider.php:7
Stack trace:
#0 C:\Users\himan\Local Sites\autogyrus\app\public\wp-content\plugins\autogyrus\includes\class-autogyrus-plugin.php(17): require_once()
#1 C:\Users\himan\Local Sites\autogyrus\app\public\wp-content\plugins\autogyrus\autogyrus.php(18): require_once('C:\\Users\\himan\\...')
#2 C:\Users\himan\Local Sites\autogyrus\app\public\wp-settings.php(589): include_once('C:\\Users\\himan\\...')
#3 C:\Users\himan\Local Sites\autogyrus\app\public\wp-config.php(103): require_once('C:\\Users\\himan\\...')
#4 C:\Users\himan\Local Sites\autogyrus\app\public\wp-load.php(50): require_once('C:\\Users\\himan\\...')
#5 C:\Users\himan\Local Sites\autogyrus\app\public\wp-blog-header.php(13): require_once('C:\\Users\\himan\\...')
#6 C:\Users\himan\Local Sites\autogyrus\app\public\index.php(17): require('C:\\Users\\himan\\...')
#7 {main}
  thrown in C:\Users\himan\Local Sites\autogyrus\app\public\wp-content\plugins\autogyrus\includes\class-autogyrus-toyota-provider.php on line 7
[04-Jul-2026 22:21:21 UTC] PHP Fatal error:  Uncaught Error: Class "AbstractProvider" not found in C:\Users\himan\Local Sites\autogyrus\app\public\wp-content\plugins\autogyrus\includes\class-autogyrus-toyota-provider.php:7
Stack trace:
#0 C:\Users\himan\Local Sites\autogyrus\app\public\wp-content\plugins\autogyrus\includes\class-autogyrus-plugin.php(17): require_once()
#1 C:\Users\himan\Local Sites\autogyrus\app\public\wp-content\plugins\autogyrus\autogyrus.php(18): require_once('C:\\Users\\himan\\...')
#2 C:\Users\himan\Local Sites\autogyrus\app\public\wp-settings.php(589): include_once('C:\\Users\\himan\\...')
#3 C:\Users\himan\Local Sites\autogyrus\app\public\wp-config.php(103): require_once('C:\\Users\\himan\\...')
#4 C:\Users\himan\Local Sites\autogyrus\app\public\wp-load.php(50): require_once('C:\\Users\\himan\\...')
#5 C:\Users\himan\Local Sites\autogyrus\app\public\wp-admin\admin-ajax.php(22): require_once('C:\\Users\\himan\\...')
#6 {main}
  thrown in C:\Users\himan\Local Sites\autogyrus\app\public\wp-content\plugins\autogyrus\includes\class-autogyrus-toyota-provider.php on line 7
[04-Jul-2026 22:21:59 UTC] PHP Fatal error:  Uncaught Error: Class "AbstractProvider" not found in C:\Users\himan\Local Sites\autogyrus\app\public\wp-content\plugins\autogyrus\includes\class-autogyrus-toyota-provider.php:7
Stack trace:
#0 C:\Users\himan\Local Sites\autogyrus\app\public\wp-content\plugins\autogyrus\includes\class-autogyrus-plugin.php(17): require_once()
#1 C:\Users\himan\Local Sites\autogyrus\app\public\wp-content\plugins\autogyrus\autogyrus.php(18): require_once('C:\\Users\\himan\\...')
#2 C:\Users\himan\Local Sites\autogyrus\app\public\wp-settings.php(589): include_once('C:\\Users\\himan\\...')
#3 C:\Users\himan\Local Sites\autogyrus\app\public\wp-config.php(103): require_once('C:\\Users\\himan\\...')
#4 C:\Users\himan\Local Sites\autogyrus\app\public\wp-load.php(50): require_once('C:\\Users\\himan\\...')
#5 C:\Users\himan\Local Sites\autogyrus\app\public\wp-admin\admin.php(35): require_once('C:\\Users\\himan\\...')
#6 C:\Users\himan\Local Sites\autogyrus\app\public\wp-admin\index.php(10): require_once('C:\\Users\\himan\\...')
#7 {main}
  thrown in C:\Users\himan\Local Sites\autogyrus\app\public\wp-content\plugins\autogyrus\includes\class-autogyrus-toyota-provider.php on line 7
[04-Jul-2026 22:21:59 UTC] PHP Fatal error:  Uncaught Error: Class "AbstractProvider" not found in C:\Users\himan\Local Sites\autogyrus\app\public\wp-content\plugins\autogyrus\includes\class-autogyrus-toyota-provider.php:7
Stack trace:
#0 C:\Users\himan\Local Sites\autogyrus\app\public\wp-content\plugins\autogyrus\includes\class-autogyrus-plugin.php(17): require_once()
#1 C:\Users\himan\Local Sites\autogyrus\app\public\wp-content\plugins\autogyrus\autogyrus.php(18): require_once('C:\\Users\\himan\\...')
#2 C:\Users\himan\Local Sites\autogyrus\app\public\wp-settings.php(589): include_once('C:\\Users\\himan\\...')
#3 C:\Users\himan\Local Sites\autogyrus\app\public\wp-config.php(103): require_once('C:\\Users\\himan\\...')
#4 C:\Users\himan\Local Sites\autogyrus\app\public\wp-load.php(50): require_once('C:\\Users\\himan\\...')
#5 C:\Users\himan\Local Sites\autogyrus\app\public\wp-blog-header.php(13): require_once('C:\\Users\\himan\\...')
#6 C:\Users\himan\Local Sites\autogyrus\app\public\index.php(17): require('C:\\Users\\himan\\...')
#7 {main}
  thrown in C:\Users\himan\Local Sites\autogyrus\app\public\wp-content\plugins\autogyrus\includes\class-autogyrus-toyota-provider.php on line 7
[04-Jul-2026 22:22:01 UTC] PHP Fatal error:  Uncaught Error: Class "AbstractProvider" not found in C:\Users\himan\Local Sites\autogyrus\app\public\wp-content\plugins\autogyrus\includes\class-autogyrus-toyota-provider.php:7
Stack trace:
#0 C:\Users\himan\Local Sites\autogyrus\app\public\wp-content\plugins\autogyrus\includes\class-autogyrus-plugin.php(17): require_once()
#1 C:\Users\himan\Local Sites\autogyrus\app\public\wp-content\plugins\autogyrus\autogyrus.php(18): require_once('C:\\Users\\himan\\...')
#2 C:\Users\himan\Local Sites\autogyrus\app\public\wp-settings.php(589): include_once('C:\\Users\\himan\\...')
#3 C:\Users\himan\Local Sites\autogyrus\app\public\wp-config.php(103): require_once('C:\\Users\\himan\\...')
#4 C:\Users\himan\Local Sites\autogyrus\app\public\wp-load.php(50): require_once('C:\\Users\\himan\\...')
#5 C:\Users\himan\Local Sites\autogyrus\app\public\wp-blog-header.php(13): require_once('C:\\Users\\himan\\...')
#6 C:\Users\himan\Local Sites\autogyrus\app\public\index.php(17): require('C:\\Users\\himan\\...')
#7 {main}
  thrown in C:\Users\himan\Local Sites\autogyrus\app\public\wp-content\plugins\autogyrus\includes\class-autogyrus-toyota-provider.php on line 7
[04-Jul-2026 22:22:02 UTC] PHP Fatal error:  Uncaught Error: Class "AbstractProvider" not found in C:\Users\himan\Local Sites\autogyrus\app\public\wp-content\plugins\autogyrus\includes\class-autogyrus-toyota-provider.php:7
Stack trace:
#0 C:\Users\himan\Local Sites\autogyrus\app\public\wp-content\plugins\autogyrus\includes\class-autogyrus-plugin.php(17): require_once()
#1 C:\Users\himan\Local Sites\autogyrus\app\public\wp-content\plugins\autogyrus\autogyrus.php(18): require_once('C:\\Users\\himan\\...')
#2 C:\Users\himan\Local Sites\autogyrus\app\public\wp-settings.php(589): include_once('C:\\Users\\himan\\...')
#3 C:\Users\himan\Local Sites\autogyrus\app\public\wp-config.php(103): require_once('C:\\Users\\himan\\...')
#4 C:\Users\himan\Local Sites\autogyrus\app\public\wp-load.php(50): require_once('C:\\Users\\himan\\...')
#5 C:\Users\himan\Local Sites\autogyrus\app\public\wp-blog-header.php(13): require_once('C:\\Users\\himan\\...')
#6 C:\Users\himan\Local Sites\autogyrus\app\public\index.php(17): require('C:\\Users\\himan\\...')
#7 {main}
  thrown in C:\Users\himan\Local Sites\autogyrus\app\public\wp-content\plugins\autogyrus\includes\class-autogyrus-toyota-provider.php on line 7
[04-Jul-2026 22:23:22 UTC] PHP Fatal error:  Uncaught Error: Class "AbstractProvider" not found in C:\Users\himan\Local Sites\autogyrus\app\public\wp-content\plugins\autogyrus\includes\class-autogyrus-toyota-provider.php:7
Stack trace:
#0 C:\Users\himan\Local Sites\autogyrus\app\public\wp-content\plugins\autogyrus\includes\class-autogyrus-plugin.php(17): require_once()
#1 C:\Users\himan\Local Sites\autogyrus\app\public\wp-content\plugins\autogyrus\autogyrus.php(18): require_once('C:\\Users\\himan\\...')
#2 C:\Users\himan\Local Sites\autogyrus\app\public\wp-settings.php(589): include_once('C:\\Users\\himan\\...')
#3 C:\Users\himan\Local Sites\autogyrus\app\public\wp-config.php(103): require_once('C:\\Users\\himan\\...')
#4 C:\Users\himan\Local Sites\autogyrus\app\public\wp-load.php(50): require_once('C:\\Users\\himan\\...')
#5 C:\Users\himan\Local Sites\autogyrus\app\public\wp-admin\admin-ajax.php(22): require_once('C:\\Users\\himan\\...')
#6 {main}
  thrown in C:\Users\himan\Local Sites\autogyrus\app\public\wp-content\plugins\autogyrus\includes\class-autogyrus-toyota-provider.php on line 7
[04-Jul-2026 22:24:22 UTC] PHP Fatal error:  Uncaught Error: Class "AbstractProvider" not found in C:\Users\himan\Local Sites\autogyrus\app\public\wp-content\plugins\autogyrus\includes\class-autogyrus-toyota-provider.php:7
Stack trace:
#0 C:\Users\himan\Local Sites\autogyrus\app\public\wp-content\plugins\autogyrus\includes\class-autogyrus-plugin.php(17): require_once()
#1 C:\Users\himan\Local Sites\autogyrus\app\public\wp-content\plugins\autogyrus\autogyrus.php(18): require_once('C:\\Users\\himan\\...')
#2 C:\Users\himan\Local Sites\autogyrus\app\public\wp-settings.php(589): include_once('C:\\Users\\himan\\...')
#3 C:\Users\himan\Local Sites\autogyrus\app\public\wp-config.php(103): require_once('C:\\Users\\himan\\...')
#4 C:\Users\himan\Local Sites\autogyrus\app\public\wp-load.php(50): require_once('C:\\Users\\himan\\...')
#5 C:\Users\himan\Local Sites\autogyrus\app\public\wp-blog-header.php(13): require_once('C:\\Users\\himan\\...')
#6 C:\Users\himan\Local Sites\autogyrus\app\public\index.php(17): require('C:\\Users\\himan\\...')
#7 {main}
  thrown in C:\Users\himan\Local Sites\autogyrus\app\public\wp-content\plugins\autogyrus\includes\class-autogyrus-toyota-provider.php on line 7
[04-Jul-2026 22:24:23 UTC] PHP Fatal error:  Uncaught Error: Class "AbstractProvider" not found in C:\Users\himan\Local Sites\autogyrus\app\public\wp-content\plugins\autogyrus\includes\class-autogyrus-toyota-provider.php:7
Stack trace:
#0 C:\Users\himan\Local Sites\autogyrus\app\public\wp-content\plugins\autogyrus\includes\class-autogyrus-plugin.php(17): require_once()
#1 C:\Users\himan\Local Sites\autogyrus\app\public\wp-content\plugins\autogyrus\autogyrus.php(18): require_once('C:\\Users\\himan\\...')
#2 C:\Users\himan\Local Sites\autogyrus\app\public\wp-settings.php(589): include_once('C:\\Users\\himan\\...')
#3 C:\Users\himan\Local Sites\autogyrus\app\public\wp-config.php(103): require_once('C:\\Users\\himan\\...')
#4 C:\Users\himan\Local Sites\autogyrus\app\public\wp-load.php(50): require_once('C:\\Users\\himan\\...')
#5 C:\Users\himan\Local Sites\autogyrus\app\public\wp-blog-header.php(13): require_once('C:\\Users\\himan\\...')
#6 C:\Users\himan\Local Sites\autogyrus\app\public\index.php(17): require('C:\\Users\\himan\\...')
#7 {main}
  thrown in C:\Users\himan\Local Sites\autogyrus\app\public\wp-content\plugins\autogyrus\includes\class-autogyrus-toyota-provider.php on line 7
[04-Jul-2026 22:24:24 UTC] PHP Fatal error:  Uncaught Error: Class "AbstractProvider" not found in C:\Users\himan\Local Sites\autogyrus\app\public\wp-content\plugins\autogyrus\includes\class-autogyrus-toyota-provider.php:7
Stack trace:
#0 C:\Users\himan\Local Sites\autogyrus\app\public\wp-content\plugins\autogyrus\includes\class-autogyrus-plugin.php(17): require_once()
#1 C:\Users\himan\Local Sites\autogyrus\app\public\wp-content\plugins\autogyrus\autogyrus.php(18): require_once('C:\\Users\\himan\\...')
#2 C:\Users\himan\Local Sites\autogyrus\app\public\wp-settings.php(589): include_once('C:\\Users\\himan\\...')
#3 C:\Users\himan\Local Sites\autogyrus\app\public\wp-config.php(103): require_once('C:\\Users\\himan\\...')
#4 C:\Users\himan\Local Sites\autogyrus\app\public\wp-load.php(50): require_once('C:\\Users\\himan\\...')
#5 C:\Users\himan\Local Sites\autogyrus\app\public\wp-blog-header.php(13): require_once('C:\\Users\\himan\\...')
#6 C:\Users\himan\Local Sites\autogyrus\app\public\index.php(17): require('C:\\Users\\himan\\...')
#7 {main}
  thrown in C:\Users\himan\Local Sites\autogyrus\app\public\wp-content\plugins\autogyrus\includes\class-autogyrus-toyota-provider.php on line 7
[04-Jul-2026 22:24:24 UTC] PHP Fatal error:  Uncaught Error: Class "AbstractProvider" not found in C:\Users\himan\Local Sites\autogyrus\app\public\wp-content\plugins\autogyrus\includes\class-autogyrus-toyota-provider.php:7
Stack trace:
#0 C:\Users\himan\Local Sites\autogyrus\app\public\wp-content\plugins\autogyrus\includes\class-autogyrus-plugin.php(17): require_once()
#1 C:\Users\himan\Local Sites\autogyrus\app\public\wp-content\plugins\autogyrus\autogyrus.php(18): require_once('C:\\Users\\himan\\...')
#2 C:\Users\himan\Local Sites\autogyrus\app\public\wp-settings.php(589): include_once('C:\\Users\\himan\\...')
#3 C:\Users\himan\Local Sites\autogyrus\app\public\wp-config.php(103): require_once('C:\\Users\\himan\\...')
#4 C:\Users\himan\Local Sites\autogyrus\app\public\wp-load.php(50): require_once('C:\\Users\\himan\\...')
#5 C:\Users\himan\Local Sites\autogyrus\app\public\wp-blog-header.php(13): require_once('C:\\Users\\himan\\...')
#6 C:\Users\himan\Local Sites\autogyrus\app\public\index.php(17): require('C:\\Users\\himan\\...')
#7 {main}
  thrown in C:\Users\himan\Local Sites\autogyrus\app\public\wp-content\plugins\autogyrus\includes\class-autogyrus-toyota-provider.php on line 7
[04-Jul-2026 22:25:17 UTC] PHP Fatal error:  Uncaught Error: Class "AbstractProvider" not found in C:\Users\himan\Local Sites\autogyrus\app\public\wp-content\plugins\autogyrus\includes\class-autogyrus-toyota-provider.php:7
Stack trace:
#0 C:\Users\himan\Local Sites\autogyrus\app\public\wp-content\plugins\autogyrus\includes\class-autogyrus-plugin.php(17): require_once()
#1 C:\Users\himan\Local Sites\autogyrus\app\public\wp-content\plugins\autogyrus\autogyrus.php(18): require_once('C:\\Users\\himan\\...')
#2 C:\Users\himan\Local Sites\autogyrus\app\public\wp-settings.php(589): include_once('C:\\Users\\himan\\...')
#3 C:\Users\himan\Local Sites\autogyrus\app\public\wp-config.php(103): require_once('C:\\Users\\himan\\...')
#4 C:\Users\himan\Local Sites\autogyrus\app\public\wp-load.php(50): require_once('C:\\Users\\himan\\...')
#5 C:\Users\himan\Local Sites\autogyrus\app\public\wp-admin\admin.php(35): require_once('C:\\Users\\himan\\...')
#6 C:\Users\himan\Local Sites\autogyrus\app\public\wp-admin\index.php(10): require_once('C:\\Users\\himan\\...')
#7 {main}
  thrown in C:\Users\himan\Local Sites\autogyrus\app\public\wp-content\plugins\autogyrus\includes\class-autogyrus-toyota-provider.php on line 7
[04-Jul-2026 22:25:17 UTC] PHP Fatal error:  Uncaught Error: Class "AbstractProvider" not found in C:\Users\himan\Local Sites\autogyrus\app\public\wp-content\plugins\autogyrus\includes\class-autogyrus-toyota-provider.php:7
Stack trace:
#0 C:\Users\himan\Local Sites\autogyrus\app\public\wp-content\plugins\autogyrus\includes\class-autogyrus-plugin.php(17): require_once()
#1 C:\Users\himan\Local Sites\autogyrus\app\public\wp-content\plugins\autogyrus\autogyrus.php(18): require_once('C:\\Users\\himan\\...')
#2 C:\Users\himan\Local Sites\autogyrus\app\public\wp-settings.php(589): include_once('C:\\Users\\himan\\...')
#3 C:\Users\himan\Local Sites\autogyrus\app\public\wp-config.php(103): require_once('C:\\Users\\himan\\...')
#4 C:\Users\himan\Local Sites\autogyrus\app\public\wp-load.php(50): require_once('C:\\Users\\himan\\...')
#5 C:\Users\himan\Local Sites\autogyrus\app\public\wp-blog-header.php(13): require_once('C:\\Users\\himan\\...')
#6 C:\Users\himan\Local Sites\autogyrus\app\public\index.php(17): require('C:\\Users\\himan\\...')
#7 {main}
  thrown in C:\Users\himan\Local Sites\autogyrus\app\public\wp-content\plugins\autogyrus\includes\class-autogyrus-toyota-provider.php on line 7
[04-Jul-2026 22:25:18 UTC] PHP Fatal error:  Uncaught Error: Class "AbstractProvider" not found in C:\Users\himan\Local Sites\autogyrus\app\public\wp-content\plugins\autogyrus\includes\class-autogyrus-toyota-provider.php:7
Stack trace:
#0 C:\Users\himan\Local Sites\autogyrus\app\public\wp-content\plugins\autogyrus\includes\class-autogyrus-plugin.php(17): require_once()
#1 C:\Users\himan\Local Sites\autogyrus\app\public\wp-content\plugins\autogyrus\autogyrus.php(18): require_once('C:\\Users\\himan\\...')
#2 C:\Users\himan\Local Sites\autogyrus\app\public\wp-settings.php(589): include_once('C:\\Users\\himan\\...')
#3 C:\Users\himan\Local Sites\autogyrus\app\public\wp-config.php(103): require_once('C:\\Users\\himan\\...')
#4 C:\Users\himan\Local Sites\autogyrus\app\public\wp-load.php(50): require_once('C:\\Users\\himan\\...')
#5 C:\Users\himan\Local Sites\autogyrus\app\public\wp-admin\admin-ajax.php(22): require_once('C:\\Users\\himan\\...')
#6 {main}
  thrown in C:\Users\himan\Local Sites\autogyrus\app\public\wp-content\plugins\autogyrus\includes\class-autogyrus-toyota-provider.php on line 7
[04-Jul-2026 22:25:22 UTC] PHP Fatal error:  Uncaught Error: Class "AbstractProvider" not found in C:\Users\himan\Local Sites\autogyrus\app\public\wp-content\plugins\autogyrus\includes\class-autogyrus-toyota-provider.php:7
Stack trace:
#0 C:\Users\himan\Local Sites\autogyrus\app\public\wp-content\plugins\autogyrus\includes\class-autogyrus-plugin.php(17): require_once()
#1 C:\Users\himan\Local Sites\autogyrus\app\public\wp-content\plugins\autogyrus\autogyrus.php(18): require_once('C:\\Users\\himan\\...')
#2 C:\Users\himan\Local Sites\autogyrus\app\public\wp-settings.php(589): include_once('C:\\Users\\himan\\...')
#3 C:\Users\himan\Local Sites\autogyrus\app\public\wp-config.php(103): require_once('C:\\Users\\himan\\...')
#4 C:\Users\himan\Local Sites\autogyrus\app\public\wp-load.php(50): require_once('C:\\Users\\himan\\...')
#5 C:\Users\himan\Local Sites\autogyrus\app\public\wp-admin\admin.php(35): require_once('C:\\Users\\himan\\...')
#6 C:\Users\himan\Local Sites\autogyrus\app\public\wp-admin\index.php(10): require_once('C:\\Users\\himan\\...')
#7 {main}
  thrown in C:\Users\himan\Local Sites\autogyrus\app\public\wp-content\plugins\autogyrus\includes\class-autogyrus-toyota-provider.php on line 7
[04-Jul-2026 22:25:22 UTC] PHP Fatal error:  Uncaught Error: Class "AbstractProvider" not found in C:\Users\himan\Local Sites\autogyrus\app\public\wp-content\plugins\autogyrus\includes\class-autogyrus-toyota-provider.php:7
Stack trace:
#0 C:\Users\himan\Local Sites\autogyrus\app\public\wp-content\plugins\autogyrus\includes\class-autogyrus-plugin.php(17): require_once()
#1 C:\Users\himan\Local Sites\autogyrus\app\public\wp-content\plugins\autogyrus\autogyrus.php(18): require_once('C:\\Users\\himan\\...')
#2 C:\Users\himan\Local Sites\autogyrus\app\public\wp-settings.php(589): include_once('C:\\Users\\himan\\...')
#3 C:\Users\himan\Local Sites\autogyrus\app\public\wp-config.php(103): require_once('C:\\Users\\himan\\...')
#4 C:\Users\himan\Local Sites\autogyrus\app\public\wp-load.php(50): require_once('C:\\Users\\himan\\...')
#5 C:\Users\himan\Local Sites\autogyrus\app\public\wp-blog-header.php(13): require_once('C:\\Users\\himan\\...')
#6 C:\Users\himan\Local Sites\autogyrus\app\public\index.php(17): require('C:\\Users\\himan\\...')
#7 {main}
  thrown in C:\Users\himan\Local Sites\autogyrus\app\public\wp-content\plugins\autogyrus\includes\class-autogyrus-toyota-provider.php on line 7
[04-Jul-2026 22:25:28 UTC] PHP Fatal error:  Uncaught Error: Class "AbstractProvider" not found in C:\Users\himan\Local Sites\autogyrus\app\public\wp-content\plugins\autogyrus\includes\class-autogyrus-toyota-provider.php:7
Stack trace:
#0 C:\Users\himan\Local Sites\autogyrus\app\public\wp-content\plugins\autogyrus\includes\class-autogyrus-plugin.php(17): require_once()
#1 C:\Users\himan\Local Sites\autogyrus\app\public\wp-content\plugins\autogyrus\autogyrus.php(18): require_once('C:\\Users\\himan\\...')
#2 C:\Users\himan\Local Sites\autogyrus\app\public\wp-settings.php(589): include_once('C:\\Users\\himan\\...')
#3 C:\Users\himan\Local Sites\autogyrus\app\public\wp-config.php(103): require_once('C:\\Users\\himan\\...')
#4 C:\Users\himan\Local Sites\autogyrus\app\public\wp-load.php(50): require_once('C:\\Users\\himan\\...')
#5 C:\Users\himan\Local Sites\autogyrus\app\public\wp-blog-header.php(13): require_once('C:\\Users\\himan\\...')
#6 C:\Users\himan\Local Sites\autogyrus\app\public\index.php(17): require('C:\\Users\\himan\\...')
#7 {main}
  thrown in C:\Users\himan\Local Sites\autogyrus\app\public\wp-content\plugins\autogyrus\includes\class-autogyrus-toyota-provider.php on line 7
[04-Jul-2026 22:25:28 UTC] PHP Fatal error:  Uncaught Error: Class "AbstractProvider" not found in C:\Users\himan\Local Sites\autogyrus\app\public\wp-content\plugins\autogyrus\includes\class-autogyrus-toyota-provider.php:7
Stack trace:
#0 C:\Users\himan\Local Sites\autogyrus\app\public\wp-content\plugins\autogyrus\includes\class-autogyrus-plugin.php(17): require_once()
#1 C:\Users\himan\Local Sites\autogyrus\app\public\wp-content\plugins\autogyrus\autogyrus.php(18): require_once('C:\\Users\\himan\\...')
#2 C:\Users\himan\Local Sites\autogyrus\app\public\wp-settings.php(589): include_once('C:\\Users\\himan\\...')
#3 C:\Users\himan\Local Sites\autogyrus\app\public\wp-config.php(103): require_once('C:\\Users\\himan\\...')
#4 C:\Users\himan\Local Sites\autogyrus\app\public\wp-load.php(50): require_once('C:\\Users\\himan\\...')
#5 C:\Users\himan\Local Sites\autogyrus\app\public\wp-blog-header.php(13): require_once('C:\\Users\\himan\\...')
#6 C:\Users\himan\Local Sites\autogyrus\app\public\index.php(17): require('C:\\Users\\himan\\...')
#7 {main}
  thrown in C:\Users\himan\Local Sites\autogyrus\app\public\wp-content\plugins\autogyrus\includes\class-autogyrus-toyota-provider.php on line 7
[04-Jul-2026 22:26:19 UTC] PHP Fatal error:  Uncaught Error: Class "AbstractProvider" not found in C:\Users\himan\Local Sites\autogyrus\app\public\wp-content\plugins\autogyrus\includes\class-autogyrus-toyota-provider.php:7
Stack trace:
#0 C:\Users\himan\Local Sites\autogyrus\app\public\wp-content\plugins\autogyrus\includes\class-autogyrus-plugin.php(17): require_once()
#1 C:\Users\himan\Local Sites\autogyrus\app\public\wp-content\plugins\autogyrus\autogyrus.php(18): require_once('C:\\Users\\himan\\...')
#2 C:\Users\himan\Local Sites\autogyrus\app\public\wp-settings.php(589): include_once('C:\\Users\\himan\\...')
#3 C:\Users\himan\Local Sites\autogyrus\app\public\wp-config.php(103): require_once('C:\\Users\\himan\\...')
#4 C:\Users\himan\Local Sites\autogyrus\app\public\wp-load.php(50): require_once('C:\\Users\\himan\\...')
#5 C:\Users\himan\Local Sites\autogyrus\app\public\wp-admin\admin-ajax.php(22): require_once('C:\\Users\\himan\\...')
#6 {main}
  thrown in C:\Users\himan\Local Sites\autogyrus\app\public\wp-content\plugins\autogyrus\includes\class-autogyrus-toyota-provider.php on line 7
[04-Jul-2026 22:28:20 UTC] PHP Fatal error:  Uncaught Error: Class "AbstractProvider" not found in C:\Users\himan\Local Sites\autogyrus\app\public\wp-content\plugins\autogyrus\includes\class-autogyrus-toyota-provider.php:7
Stack trace:
#0 C:\Users\himan\Local Sites\autogyrus\app\public\wp-content\plugins\autogyrus\includes\class-autogyrus-plugin.php(17): require_once()
#1 C:\Users\himan\Local Sites\autogyrus\app\public\wp-content\plugins\autogyrus\autogyrus.php(18): require_once('C:\\Users\\himan\\...')
#2 C:\Users\himan\Local Sites\autogyrus\app\public\wp-settings.php(589): include_once('C:\\Users\\himan\\...')
#3 C:\Users\himan\Local Sites\autogyrus\app\public\wp-config.php(103): require_once('C:\\Users\\himan\\...')
#4 C:\Users\himan\Local Sites\autogyrus\app\public\wp-load.php(50): require_once('C:\\Users\\himan\\...')
#5 C:\Users\himan\Local Sites\autogyrus\app\public\wp-admin\admin-ajax.php(22): require_once('C:\\Users\\himan\\...')
#6 {main}
  thrown in C:\Users\himan\Local Sites\autogyrus\app\public\wp-content\plugins\autogyrus\includes\class-autogyrus-toyota-provider.php on line 7
[04-Jul-2026 22:30:21 UTC] PHP Fatal error:  Uncaught Error: Class "AbstractProvider" not found in C:\Users\himan\Local Sites\autogyrus\app\public\wp-content\plugins\autogyrus\includes\class-autogyrus-toyota-provider.php:7
Stack trace:
#0 C:\Users\himan\Local Sites\autogyrus\app\public\wp-content\plugins\autogyrus\includes\class-autogyrus-plugin.php(17): require_once()
#1 C:\Users\himan\Local Sites\autogyrus\app\public\wp-content\plugins\autogyrus\autogyrus.php(18): require_once('C:\\Users\\himan\\...')
#2 C:\Users\himan\Local Sites\autogyrus\app\public\wp-settings.php(589): include_once('C:\\Users\\himan\\...')
#3 C:\Users\himan\Local Sites\autogyrus\app\public\wp-config.php(103): require_once('C:\\Users\\himan\\...')
#4 C:\Users\himan\Local Sites\autogyrus\app\public\wp-load.php(50): require_once('C:\\Users\\himan\\...')
#5 C:\Users\himan\Local Sites\autogyrus\app\public\wp-admin\admin-ajax.php(22): require_once('C:\\Users\\himan\\...')
#6 {main}
  thrown in C:\Users\himan\Local Sites\autogyrus\app\public\wp-content\plugins\autogyrus\includes\class-autogyrus-toyota-provider.php on line 7
[04-Jul-2026 22:32:22 UTC] PHP Fatal error:  Uncaught Error: Class "AbstractProvider" not found in C:\Users\himan\Local Sites\autogyrus\app\public\wp-content\plugins\autogyrus\includes\class-autogyrus-toyota-provider.php:7
Stack trace:
#0 C:\Users\himan\Local Sites\autogyrus\app\public\wp-content\plugins\autogyrus\includes\class-autogyrus-plugin.php(17): require_once()
#1 C:\Users\himan\Local Sites\autogyrus\app\public\wp-content\plugins\autogyrus\autogyrus.php(18): require_once('C:\\Users\\himan\\...')
#2 C:\Users\himan\Local Sites\autogyrus\app\public\wp-settings.php(589): include_once('C:\\Users\\himan\\...')
#3 C:\Users\himan\Local Sites\autogyrus\app\public\wp-config.php(103): require_once('C:\\Users\\himan\\...')
#4 C:\Users\himan\Local Sites\autogyrus\app\public\wp-load.php(50): require_once('C:\\Users\\himan\\...')
#5 C:\Users\himan\Local Sites\autogyrus\app\public\wp-admin\admin-ajax.php(22): require_once('C:\\Users\\himan\\...')
#6 {main}
  thrown in C:\Users\himan\Local Sites\autogyrus\app\public\wp-content\plugins\autogyrus\includes\class-autogyrus-toyota-provider.php on line 7
[04-Jul-2026 22:34:23 UTC] PHP Fatal error:  Uncaught Error: Class "AbstractProvider" not found in C:\Users\himan\Local Sites\autogyrus\app\public\wp-content\plugins\autogyrus\includes\class-autogyrus-toyota-provider.php:7
Stack trace:
#0 C:\Users\himan\Local Sites\autogyrus\app\public\wp-content\plugins\autogyrus\includes\class-autogyrus-plugin.php(17): require_once()
#1 C:\Users\himan\Local Sites\autogyrus\app\public\wp-content\plugins\autogyrus\autogyrus.php(18): require_once('C:\\Users\\himan\\...')
#2 C:\Users\himan\Local Sites\autogyrus\app\public\wp-settings.php(589): include_once('C:\\Users\\himan\\...')
#3 C:\Users\himan\Local Sites\autogyrus\app\public\wp-config.php(103): require_once('C:\\Users\\himan\\...')
#4 C:\Users\himan\Local Sites\autogyrus\app\public\wp-load.php(50): require_once('C:\\Users\\himan\\...')
#5 C:\Users\himan\Local Sites\autogyrus\app\public\wp-admin\admin-ajax.php(22): require_once('C:\\Users\\himan\\...')
#6 {main}
  thrown in C:\Users\himan\Local Sites\autogyrus\app\public\wp-content\plugins\autogyrus\includes\class-autogyrus-toyota-provider.php on line 7
[04-Jul-2026 22:37:19 UTC] PHP Fatal error:  Uncaught Error: Class "AbstractProvider" not found in C:\Users\himan\Local Sites\autogyrus\app\public\wp-content\plugins\autogyrus\includes\class-autogyrus-toyota-provider.php:7
Stack trace:
#0 C:\Users\himan\Local Sites\autogyrus\app\public\wp-content\plugins\autogyrus\includes\class-autogyrus-plugin.php(17): require_once()
#1 C:\Users\himan\Local Sites\autogyrus\app\public\wp-content\plugins\autogyrus\autogyrus.php(18): require_once('C:\\Users\\himan\\...')
#2 C:\Users\himan\Local Sites\autogyrus\app\public\wp-settings.php(589): include_once('C:\\Users\\himan\\...')
#3 C:\Users\himan\Local Sites\autogyrus\app\public\wp-config.php(103): require_once('C:\\Users\\himan\\...')
#4 C:\Users\himan\Local Sites\autogyrus\app\public\wp-load.php(50): require_once('C:\\Users\\himan\\...')
#5 C:\Users\himan\Local Sites\autogyrus\app\public\wp-blog-header.php(13): require_once('C:\\Users\\himan\\...')
#6 C:\Users\himan\Local Sites\autogyrus\app\public\index.php(17): require('C:\\Users\\himan\\...')
#7 {main}
  thrown in C:\Users\himan\Local Sites\autogyrus\app\public\wp-content\plugins\autogyrus\includes\class-autogyrus-toyota-provider.php on line 7
[04-Jul-2026 22:37:19 UTC] PHP Fatal error:  Uncaught Error: Class "AbstractProvider" not found in C:\Users\himan\Local Sites\autogyrus\app\public\wp-content\plugins\autogyrus\includes\class-autogyrus-toyota-provider.php:7
Stack trace:
#0 C:\Users\himan\Local Sites\autogyrus\app\public\wp-content\plugins\autogyrus\includes\class-autogyrus-plugin.php(17): require_once()
#1 C:\Users\himan\Local Sites\autogyrus\app\public\wp-content\plugins\autogyrus\autogyrus.php(18): require_once('C:\\Users\\himan\\...')
#2 C:\Users\himan\Local Sites\autogyrus\app\public\wp-settings.php(589): include_once('C:\\Users\\himan\\...')
#3 C:\Users\himan\Local Sites\autogyrus\app\public\wp-config.php(103): require_once('C:\\Users\\himan\\...')
#4 C:\Users\himan\Local Sites\autogyrus\app\public\wp-load.php(50): require_once('C:\\Users\\himan\\...')
#5 C:\Users\himan\Local Sites\autogyrus\app\public\wp-blog-header.php(13): require_once('C:\\Users\\himan\\...')
#6 C:\Users\himan\Local Sites\autogyrus\app\public\index.php(17): require('C:\\Users\\himan\\...')
#7 {main}
  thrown in C:\Users\himan\Local Sites\autogyrus\app\public\wp-content\plugins\autogyrus\includes\class-autogyrus-toyota-provider.php on line 7
[04-Jul-2026 23:30:32 UTC] PHP Fatal error:  Uncaught Error: Class "AbstractProvider" not found in C:\Users\himan\Local Sites\autogyrus\app\public\wp-content\plugins\autogyrus\includes\class-autogyrus-toyota-provider.php:7
Stack trace:
#0 C:\Users\himan\Local Sites\autogyrus\app\public\wp-content\plugins\autogyrus\includes\class-autogyrus-plugin.php(17): require_once()
#1 C:\Users\himan\Local Sites\autogyrus\app\public\wp-content\plugins\autogyrus\autogyrus.php(18): require_once('C:\\Users\\himan\\...')
#2 C:\Users\himan\Local Sites\autogyrus\app\public\wp-settings.php(589): include_once('C:\\Users\\himan\\...')
#3 C:\Users\himan\Local Sites\autogyrus\app\public\wp-config.php(103): require_once('C:\\Users\\himan\\...')
#4 C:\Users\himan\Local Sites\autogyrus\app\public\wp-load.php(50): require_once('C:\\Users\\himan\\...')
#5 C:\Users\himan\Local Sites\autogyrus\app\public\wp-blog-header.php(13): require_once('C:\\Users\\himan\\...')
#6 C:\Users\himan\Local Sites\autogyrus\app\public\index.php(17): require('C:\\Users\\himan\\...')
#7 {main}
  thrown in C:\Users\himan\Local Sites\autogyrus\app\public\wp-content\plugins\autogyrus\includes\class-autogyrus-toyota-provider.php on line 7
[04-Jul-2026 23:30:32 UTC] PHP Fatal error:  Uncaught Error: Class "AbstractProvider" not found in C:\Users\himan\Local Sites\autogyrus\app\public\wp-content\plugins\autogyrus\includes\class-autogyrus-toyota-provider.php:7
Stack trace:
#0 C:\Users\himan\Local Sites\autogyrus\app\public\wp-content\plugins\autogyrus\includes\class-autogyrus-plugin.php(17): require_once()
#1 C:\Users\himan\Local Sites\autogyrus\app\public\wp-content\plugins\autogyrus\autogyrus.php(18): require_once('C:\\Users\\himan\\...')
#2 C:\Users\himan\Local Sites\autogyrus\app\public\wp-settings.php(589): include_once('C:\\Users\\himan\\...')
#3 C:\Users\himan\Local Sites\autogyrus\app\public\wp-config.php(103): require_once('C:\\Users\\himan\\...')
#4 C:\Users\himan\Local Sites\autogyrus\app\public\wp-load.php(50): require_once('C:\\Users\\himan\\...')
#5 C:\Users\himan\Local Sites\autogyrus\app\public\wp-blog-header.php(13): require_once('C:\\Users\\himan\\...')
#6 C:\Users\himan\Local Sites\autogyrus\app\public\index.php(17): require('C:\\Users\\himan\\...')
#7 {main}
  thrown in C:\Users\himan\Local Sites\autogyrus\app\public\wp-content\plugins\autogyrus\includes\class-autogyrus-toyota-provider.php on line 7
[04-Jul-2026 23:53:24 UTC] PHP Fatal error:  Uncaught Error: Class "AbstractProvider" not found in C:\Users\himan\Local Sites\autogyrus\app\public\wp-content\plugins\autogyrus\includes\class-autogyrus-toyota-provider.php:7
Stack trace:
#0 C:\Users\himan\Local Sites\autogyrus\app\public\wp-content\plugins\autogyrus\includes\class-autogyrus-plugin.php(17): require_once()
#1 C:\Users\himan\Local Sites\autogyrus\app\public\wp-content\plugins\autogyrus\autogyrus.php(18): require_once('C:\\Users\\himan\\...')
#2 C:\Users\himan\Local Sites\autogyrus\app\public\wp-settings.php(589): include_once('C:\\Users\\himan\\...')
#3 C:\Users\himan\Local Sites\autogyrus\app\public\wp-config.php(103): require_once('C:\\Users\\himan\\...')
#4 C:\Users\himan\Local Sites\autogyrus\app\public\wp-load.php(50): require_once('C:\\Users\\himan\\...')
#5 C:\Users\himan\Local Sites\autogyrus\app\public\wp-blog-header.php(13): require_once('C:\\Users\\himan\\...')
#6 C:\Users\himan\Local Sites\autogyrus\app\public\index.php(17): require('C:\\Users\\himan\\...')
#7 {main}
  thrown in C:\Users\himan\Local Sites\autogyrus\app\public\wp-content\plugins\autogyrus\includes\class-autogyrus-toyota-provider.php on line 7
[04-Jul-2026 23:53:24 UTC] PHP Fatal error:  Uncaught Error: Class "AbstractProvider" not found in C:\Users\himan\Local Sites\autogyrus\app\public\wp-content\plugins\autogyrus\includes\class-autogyrus-toyota-provider.php:7
Stack trace:
#0 C:\Users\himan\Local Sites\autogyrus\app\public\wp-content\plugins\autogyrus\includes\class-autogyrus-plugin.php(17): require_once()
#1 C:\Users\himan\Local Sites\autogyrus\app\public\wp-content\plugins\autogyrus\autogyrus.php(18): require_once('C:\\Users\\himan\\...')
#2 C:\Users\himan\Local Sites\autogyrus\app\public\wp-settings.php(589): include_once('C:\\Users\\himan\\...')
#3 C:\Users\himan\Local Sites\autogyrus\app\public\wp-config.php(103): require_once('C:\\Users\\himan\\...')
#4 C:\Users\himan\Local Sites\autogyrus\app\public\wp-load.php(50): require_once('C:\\Users\\himan\\...')
#5 C:\Users\himan\Local Sites\autogyrus\app\public\wp-blog-header.php(13): require_once('C:\\Users\\himan\\...')
#6 C:\Users\himan\Local Sites\autogyrus\app\public\index.php(17): require('C:\\Users\\himan\\...')
#7 {main}
  thrown in C:\Users\himan\Local Sites\autogyrus\app\public\wp-content\plugins\autogyrus\includes\class-autogyrus-toyota-provider.php on line 7
[04-Jul-2026 23:53:26 UTC] PHP Fatal error:  Uncaught Error: Class "AbstractProvider" not found in C:\Users\himan\Local Sites\autogyrus\app\public\wp-content\plugins\autogyrus\includes\class-autogyrus-toyota-provider.php:7
Stack trace:
#0 C:\Users\himan\Local Sites\autogyrus\app\public\wp-content\plugins\autogyrus\includes\class-autogyrus-plugin.php(17): require_once()
#1 C:\Users\himan\Local Sites\autogyrus\app\public\wp-content\plugins\autogyrus\autogyrus.php(18): require_once('C:\\Users\\himan\\...')
#2 C:\Users\himan\Local Sites\autogyrus\app\public\wp-settings.php(589): include_once('C:\\Users\\himan\\...')
#3 C:\Users\himan\Local Sites\autogyrus\app\public\wp-config.php(103): require_once('C:\\Users\\himan\\...')
#4 C:\Users\himan\Local Sites\autogyrus\app\public\wp-load.php(50): require_once('C:\\Users\\himan\\...')
#5 C:\Users\himan\Local Sites\autogyrus\app\public\wp-blog-header.php(13): require_once('C:\\Users\\himan\\...')
#6 C:\Users\himan\Local Sites\autogyrus\app\public\index.php(17): require('C:\\Users\\himan\\...')
#7 {main}
  thrown in C:\Users\himan\Local Sites\autogyrus\app\public\wp-content\plugins\autogyrus\includes\class-autogyrus-toyota-provider.php on line 7
[04-Jul-2026 23:53:26 UTC] PHP Fatal error:  Uncaught Error: Class "AbstractProvider" not found in C:\Users\himan\Local Sites\autogyrus\app\public\wp-content\plugins\autogyrus\includes\class-autogyrus-toyota-provider.php:7
Stack trace:
#0 C:\Users\himan\Local Sites\autogyrus\app\public\wp-content\plugins\autogyrus\includes\class-autogyrus-plugin.php(17): require_once()
#1 C:\Users\himan\Local Sites\autogyrus\app\public\wp-content\plugins\autogyrus\autogyrus.php(18): require_once('C:\\Users\\himan\\...')
#2 C:\Users\himan\Local Sites\autogyrus\app\public\wp-settings.php(589): include_once('C:\\Users\\himan\\...')
#3 C:\Users\himan\Local Sites\autogyrus\app\public\wp-config.php(103): require_once('C:\\Users\\himan\\...')
#4 C:\Users\himan\Local Sites\autogyrus\app\public\wp-load.php(50): require_once('C:\\Users\\himan\\...')
#5 C:\Users\himan\Local Sites\autogyrus\app\public\wp-blog-header.php(13): require_once('C:\\Users\\himan\\...')
#6 C:\Users\himan\Local Sites\autogyrus\app\public\index.php(17): require('C:\\Users\\himan\\...')
#7 {main}
  thrown in C:\Users\himan\Local Sites\autogyrus\app\public\wp-content\plugins\autogyrus\includes\class-autogyrus-toyota-provider.php on line 7
[04-Jul-2026 23:56:06 UTC] PHP Fatal error:  Uncaught Error: Class "AbstractProvider" not found in C:\Users\himan\Local Sites\autogyrus\app\public\wp-content\plugins\autogyrus\includes\class-autogyrus-toyota-provider.php:7
Stack trace:
#0 C:\Users\himan\Local Sites\autogyrus\app\public\wp-content\plugins\autogyrus\includes\class-autogyrus-plugin.php(17): require_once()
#1 C:\Users\himan\Local Sites\autogyrus\app\public\wp-content\plugins\autogyrus\autogyrus.php(18): require_once('C:\\Users\\himan\\...')
#2 C:\Users\himan\Local Sites\autogyrus\app\public\wp-settings.php(589): include_once('C:\\Users\\himan\\...')
#3 C:\Users\himan\Local Sites\autogyrus\app\public\wp-config.php(103): require_once('C:\\Users\\himan\\...')
#4 C:\Users\himan\Local Sites\autogyrus\app\public\wp-load.php(50): require_once('C:\\Users\\himan\\...')
#5 C:\Users\himan\Local Sites\autogyrus\app\public\wp-blog-header.php(13): require_once('C:\\Users\\himan\\...')
#6 C:\Users\himan\Local Sites\autogyrus\app\public\index.php(17): require('C:\\Users\\himan\\...')
#7 {main}
  thrown in C:\Users\himan\Local Sites\autogyrus\app\public\wp-content\plugins\autogyrus\includes\class-autogyrus-toyota-provider.php on line 7
[04-Jul-2026 23:56:06 UTC] PHP Fatal error:  Uncaught Error: Class "AbstractProvider" not found in C:\Users\himan\Local Sites\autogyrus\app\public\wp-content\plugins\autogyrus\includes\class-autogyrus-toyota-provider.php:7
Stack trace:
#0 C:\Users\himan\Local Sites\autogyrus\app\public\wp-content\plugins\autogyrus\includes\class-autogyrus-plugin.php(17): require_once()
#1 C:\Users\himan\Local Sites\autogyrus\app\public\wp-content\plugins\autogyrus\autogyrus.php(18): require_once('C:\\Users\\himan\\...')
#2 C:\Users\himan\Local Sites\autogyrus\app\public\wp-settings.php(589): include_once('C:\\Users\\himan\\...')
#3 C:\Users\himan\Local Sites\autogyrus\app\public\wp-config.php(103): require_once('C:\\Users\\himan\\...')
#4 C:\Users\himan\Local Sites\autogyrus\app\public\wp-load.php(50): require_once('C:\\Users\\himan\\...')
#5 C:\Users\himan\Local Sites\autogyrus\app\public\wp-blog-header.php(13): require_once('C:\\Users\\himan\\...')
#6 C:\Users\himan\Local Sites\autogyrus\app\public\index.php(17): require('C:\\Users\\himan\\...')
#7 {main}
  thrown in C:\Users\himan\Local Sites\autogyrus\app\public\wp-content\plugins\autogyrus\includes\class-autogyrus-toyota-provider.php on line 7
[05-Jul-2026 00:28:39 UTC] PHP Warning:  Undefined variable $primary_image in C:\Users\himan\Local Sites\autogyrus\app\public\wp-content\themes\autogyrus\single-vehicle.php on line 24
[05-Jul-2026 03:25:23 UTC] PHP Fatal error:  Uncaught Error: Call to undefined function autogyrus_get_vehicle_media_images() in C:\Users\himan\Local Sites\autogyrus\app\public\wp-content\themes\autogyrus\single-vehicle.php:26
Stack trace:
#0 C:\Users\himan\Local Sites\autogyrus\app\public\wp-includes\template-loader.php(132): include()
#1 C:\Users\himan\Local Sites\autogyrus\app\public\wp-blog-header.php(19): require_once('C:\\Users\\himan\\...')
#2 C:\Users\himan\Local Sites\autogyrus\app\public\index.php(17): require('C:\\Users\\himan\\...')
#3 {main}
  thrown in C:\Users\himan\Local Sites\autogyrus\app\public\wp-content\themes\autogyrus\single-vehicle.php on line 26
[05-Jul-2026 03:25:26 UTC] PHP Fatal error:  Uncaught Error: Call to undefined function autogyrus_get_vehicle_media_images() in C:\Users\himan\Local Sites\autogyrus\app\public\wp-content\themes\autogyrus\single-vehicle.php:26
Stack trace:
#0 C:\Users\himan\Local Sites\autogyrus\app\public\wp-includes\template-loader.php(132): include()
#1 C:\Users\himan\Local Sites\autogyrus\app\public\wp-blog-header.php(19): require_once('C:\\Users\\himan\\...')
#2 C:\Users\himan\Local Sites\autogyrus\app\public\index.php(17): require('C:\\Users\\himan\\...')
#3 {main}
  thrown in C:\Users\himan\Local Sites\autogyrus\app\public\wp-content\themes\autogyrus\single-vehicle.php on line 26
